// Jest Snapshot v1, https://goo.gl/fbAQLP

exports[`should render Expense 1`] = `
<div>
  <Link
    replace={false}
    to="/edit/1"
  >
    <h3>
      Yums
    </h3>
  </Link>
  <p>
    $6.66
  </p>
  <p>
    Dec 31st, 1969
  </p>
  <hr />
</div>
`;
